2026-02-22T11:14:25.867Z - Request Received
2026-02-22T11:51:54.925Z - Request Received
